// Jest Snapshot v1, https://goo.gl/fbAQLP

exports[`Validate Config It accepts a valid config 1`] = `
{
  "nginx": {
    "log": "$time_local $remote_addr",
  },
  "servers": {
    "example.com": {
      "auth": [
        {
          "password": "password",
          "username": "username",
        },
      ],
      "certbot_name": "string",
      "custom_css": [
        "http://validurlstring",
      ],
      "custom_js": [
        "http://validurlarray",
      ],
      "headers": {
        "Access-Control-Allow-Origin": "*",
        "Content-Type": "text/html",
      },
      "html": "html string",
      "locations": [
        {
          "location": "indirect",
          "proxy_pass": "http://example.com",
        },
        {
          "location": "direct",
          "proxy_pass": "http://example.com",
        },
      ],
      "port": 443,
      "raw": {
        "custom": [
          "option",
        ],
      },
      "ssl": true,
      "subdomains": {
        "defaultUsername": {
          "auth": [
            {
              "password": "password",
            },
          ],
          "html": "Username uses default",
          "port": 443,
          "ssl": true,
        },
        "includes": {
          "include": [
            "/current/src/nginx/builtin/base/proxy_pass.conf",
          ],
          "port": 443,
          "ssl": true,
        },
        "no_return_allowed": {
          "locations": [
            {
              "html": "Return not needed in subdomain",
              "location": "/en",
            },
            {
              "headers": {
                "Access-Control-Allow-Origin": "https://return-not-needed-in-location",
              },
              "location": "/withCors",
            },
          ],
          "port": 443,
          "ssl": true,
        },
        "redirects": {
          "port": 443,
          "redirect": "/",
          "ssl": true,
        },
        "returns": {
          "port": 443,
          "return": "200 ok",
          "ssl": true,
        },
        "rewrites": {
          "port": 443,
          "rewrite": "^ https://example.com",
          "ssl": true,
        },
        "www": {
          "proxy_pass": "http://example.com",
        },
      },
      "websocket": true,
    },
  },
  "username": "username",
}
`;

exports[`Validate Config It checks for an invalid config 1`] = `
[
  "[NCM] [ERROR] [CONFIG]     There was an issue with your config, the errors are listed below.",
  "[NCM] [ERROR] [CONFIG]     Path: cloudflare
Error: Expected boolean, received string",
  "[NCM] [ERROR] [CONFIG]     Path: username
Error: Username can't contain \\":\\"",
  "[NCM] [ERROR] [CONFIG]     Path: config
Error: Unrecognized key(s) in object: 'unknown'",
  "[NCM] [ERROR] [CONFIG]     Path: servers.example.com.proxy_pass
Error: Invalid url",
  "[NCM] [ERROR] [CONFIG]     Path: servers.example.com.headers
Error: Expected object, received array",
  "[NCM] [ERROR] [CONFIG]     Path: servers.example.com.redirect
Error: Expected string, received array",
  "[NCM] [ERROR] [CONFIG]     Path: servers.example.com.rewrite
Error: Expected string, received array",
  "[NCM] [ERROR] [CONFIG]     Path: servers.example.com.html
Error: Expected string, received array",
  "[NCM] [ERROR] [CONFIG]     Path: servers.example.com.certbot_name
Error: Expected string, received array",
  "[NCM] [ERROR] [CONFIG]     Path: servers.example.com.custom_css
Error: Expected array, received object or Expected string, received object",
  "[NCM] [ERROR] [CONFIG]     Path: servers.example.com.custom_js.0
Error: Invalid url",
  "[NCM] [ERROR] [CONFIG]     Path: servers.example.com.return
Error: Expected string, received array or Expected number, received array",
  "[NCM] [ERROR] [CONFIG]     Path: servers.example.com.locations.invalid
Error: Invalid url",
  "[NCM] [ERROR] [CONFIG]     Path: servers.example.com.cors
Error: Invalid url or use \\"*\\" as a wildcard",
  "[NCM] [ERROR] [CONFIG]     Path: servers.example.com.auth.password
Error: Should be at least 1 characters",
  "[NCM] [ERROR] [CONFIG]     Path: servers.example.com.auth
Error: Unrecognized key(s) in object: 'unknown'",
  "[NCM] [ERROR] [CONFIG]     Path: servers.example.com.auth.username
Error: Username can't contain \\":\\"",
  "[NCM] [ERROR] [CONFIG]     Path: servers.example.com.subdomains.too_many
Error: Too many \\"return\\" types, found: redirect, html, raw, please use only one of them.",
  "[NCM] [ERROR] [CONFIG]     Path: servers.example.com.locations.extra.auth
Error: Expected string, received object or Required",
  "[NCM] [ERROR] [CONFIG]     Path: servers.dns_error
Error: Could not resolve not-existing",
]
`;

exports[`Validate Config It tests for invalid number of return types 1`] = `
[
  "[NCM] [ERROR] [CONFIG]     There was an issue with your config, the errors are listed below.",
  "[NCM] [ERROR] [CONFIG]     Path: servers.no returns
Error: Please specify at least one \\"return\\" type: proxy_pass, return, redirect, rewrite, html, static, raw, include",
  "[NCM] [ERROR] [CONFIG]     Path: servers.example.com
Error: Too many \\"return\\" types, found: proxy_pass, redirect, rewrite, html, return, please use only one of them.",
]
`;
